============================= test session starts ==============================
platform linux -- Python 3.10.12, pytest-9.0.2, pluggy-1.6.0 -- /usr/bin/python3
cachedir: .pytest_cache
hypothesis profile 'default'
rootdir: /workspace
configfile: pytest.ini
plugins: cov-7.0.0, order-1.3.0, asyncio-1.3.0, anyio-4.12.1, hypothesis-6.150.2
asyncio: mode=auto, debug=False, asyncio_default_fixture_loop_scope=None, asyncio_default_test_loop_scope=function
collecting ... collected 1951 items

src/test/test_smoke.py::TestSmoke::test_memory_smoke PASSED              [  0%]
src/test/test_smoke.py::TestSmoke::test_learning_smoke PASSED            [  0%]
src/test/test_smoke.py::TestSmoke::test_selfstate_smoke PASSED           [  0%]
src/test/test_smoke.py::TestSmoke::test_clarity_moments_smoke PASSED     [  0%]
src/test/test_smoke.py::TestSmoke::test_runtime_loop_smoke PASSED        [  0%]
src/test/test_smoke.py::TestSmoke::test_full_system_smoke PASSED         [  0%]
src/test/test_action.py::TestExecuteAction::test_execute_action_dampen PASSED [  0%]
src/test/test_action.py::TestExecuteAction::test_execute_action_dampen_energy_minimum PASSED [  0%]
src/test/test_action.py::TestExecuteAction::test_execute_action_absorb PASSED [  0%]
src/test/test_action.py::TestExecuteAction::test_execute_action_ignore PASSED [  0%]
src/test/test_action.py::TestExecuteAction::test_execute_action_memory_entry_timestamp PASSED [  0%]
src/test/test_action.py::TestExecuteAction::test_execute_action_multiple_actions PASSED [  0%]
src/test/test_action.py::TestExecuteAction::test_execute_action_dampen_multiple_times PASSED [  0%]
src/test/test_action.py::TestExecuteAction::test_execute_action_unknown_pattern PASSED [  0%]
src/test/test_action.py::TestExecuteAction::test_execute_action_preserves_other_state PASSED [  0%]
src/test/test_action.py::TestExecuteAction::test_execute_action_memory_entry_significance PASSED [  0%]
src/test/test_action.py::TestExecuteAction::test_execute_action_empty_memory PASSED [  0%]
src/test/test_action.py::TestExecuteAction::test_execute_action_with_existing_memory PASSED [  0%]
src/test/test_activation.py::TestActivateMemory::test_activate_memory_empty_memory PASSED [  0%]
src/test/test_activation.py::TestActivateMemory::test_activate_memory_no_matches PASSED [  1%]
src/test/test_activation.py::TestActivateMemory::test_activate_memory_single_match PASSED [  1%]
src/test/test_activation.py::TestActivateMemory::test_activate_memory_multiple_matches PASSED [  1%]
src/test/test_activation.py::TestActivateMemory::test_activate_memory_sorted_by_significance PASSED [  1%]
src/test/test_activation.py::TestActivateMemory::test_activate_memory_limit_default PASSED [  1%]
src/test/test_activation.py::TestActivateMemory::test_activate_memory_custom_limit PASSED [  1%]
src/test/test_activation.py::TestActivateMemory::test_activate_memory_limit_one PASSED [  1%]
src/test/test_activation.py::TestActivateMemory::test_activate_memory_limit_zero PASSED [  1%]
src/test/test_activation.py::TestActivateMemory::test_activate_memory_preserves_original_memory PASSED [  1%]
src/test/test_activation.py::TestActivateMemory::test_activate_memory_different_event_types PASSED [  1%]
src/test/test_activation.py::TestActivateMemory::test_activate_memory_with_feedback_entries PASSED [  1%]
src/test/test_activation.py::TestActivateMemory::test_activate_memory_equal_significance PASSED [  1%]
src/test/test_activation.py::TestActivateMemory::test_activate_memory_subjective_time_accelerated PASSED [  1%]
src/test/test_activation.py::TestActivateMemory::test_activate_memory_subjective_time_slowed PASSED [  1%]
src/test/test_activation.py::TestActivateMemory::test_activate_memory_subjective_time_normal PASSED [  1%]
src/test/test_activation.py::TestActivateMemory::test_activate_memory_subjective_time_zero_age PASSED [  1%]
src/test/test_activation.py::TestActivateMemory::test_activate_memory_explicit_limit_overrides_subjective_time PASSED [  1%]
src/test/test_decision.py::TestDecideResponse::test_decide_dampen_high_activated_memory PASSED [  1%]
src/test/test_decision.py::TestDecideResponse::test_decide_dampen_max_significance_above_threshold PASSED [  1%]
src/test/test_decision.py::TestDecideResponse::test_decide_dampen_max_significance_at_threshold PASSED [  1%]
src/test/test_decision.py::TestDecideResponse::test_decide_ignore_low_significance_meaning PASSED [  2%]
src/test/test_decision.py::TestDecideResponse::test_decide_ignore_meaning_significance_below_threshold PASSED [  2%]
src/test/test_decision.py::TestDecideResponse::test_decide_absorb_normal_conditions PASSED [  2%]
src/test/test_decision.py::TestDecideResponse::test_decide_absorb_high_significance_meaning PASSED [  2%]
src/test/test_decision.py::TestDecideResponse::test_decide_empty_activated_memory PASSED [  2%]
src/test/test_decision.py::TestDecideResponse::test_decide_multiple_activated_memories PASSED [  2%]
src/test/test_decision.py::TestDecideResponse::test_decide_activated_memory_max_below_threshold PASSED [  2%]
src/test/test_decision.py::TestDecideResponse::test_decide_activated_memory_exactly_at_threshold PASSED [  2%]
src/test/test_decision.py::TestDecideResponse::test_decide_meaning_significance_at_threshold PASSED [  2%]
src/test/test_decision.py::TestDecideResponse::test_decide_different_event_types_in_memory PASSED [  2%]
src/test/test_decision.py::TestDecideResponse::test_decide_consistency PASSED [  2%]
src/test/test_decision.py::TestDecideResponse::test_decide_amplify_positive_event_low_stability PASSED [  2%]
src/test/test_decision.py::TestDecideResponse::test_decide_dampen_shock_event PASSED [  2%]
src/test/test_decision.py::TestDecideResponse::test_decide_ignore_noise_low_significance PASSED [  2%]
src/test/test_decision.py::TestDecideResponse::test_decide_conservative_low_energy PASSED [  2%]
src/test/test_decision.py::TestDecideResponse::test_decide_weighted_memory_analysis PASSED [  2%]
src/test/test_decision.py::TestDecideResponse::test_decide_high_stability_dampening PASSED [  2%]
src/test/test_decision.py::TestDecideResponse::test_decide_accelerated_time_conservative PASSED [  2%]
src/test/test_environment.py::TestEvent::test_event_creation_minimal PASSED [  2%]
src/test/test_environment.py::TestEvent::test_event_creation_with_metadata PASSED [  3%]
src/test/test_environment.py::TestEvent::test_event_creation_with_none_metadata PASSED [  3%]
src/test/test_environment.py::TestEvent::test_event_different_types PASSED [  3%]
src/test/test_environment.py::TestEvent::test_event_intensity_range PASSED [  3%]
src/test/test_environment.py::TestEvent::test_event_timestamp PASSED     [  3%]
src/test/test_environment.py::TestEvent::test_event_custom_timestamp PASSED [  3%]
src/test/test_environment.py::TestEventQueue::test_queue_initialization PASSED [  3%]
src/test/test_environment.py::TestEventQueue::test_queue_push_single PASSED [  3%]
src/test/test_environment.py::TestEventQueue::test_queue_push_multiple PASSED [  3%]
src/test/test_environment.py::TestEventQueue::test_queue_pop_single PASSED [  3%]
src/test/test_environment.py::TestEventQueue::test_queue_pop_empty PASSED [  3%]
src/test/test_environment.py::TestEventQueue::test_queue_pop_fifo_order PASSED [  3%]
src/test/test_environment.py::TestEventQueue::test_queue_pop_all_empty PASSED [  3%]
src/test/test_environment.py::TestEventQueue::test_queue_pop_all_single PASSED [  3%]
src/test/test_environment.py::TestEventQueue::test_queue_pop_all_multiple PASSED [  3%]
src/test/test_environment.py::TestEventQueue::test_queue_pop_all_fifo_order PASSED [  3%]
src/test/test_environment.py::TestEventQueue::test_queue_size_after_operations PASSED [  3%]
src/test/test_environment.py::TestEventQueue::test_queue_is_empty_after_operations PASSED [  3%]
src/test/test_environment.py::TestEventQueue::test_queue_push_after_pop_all PASSED [  3%]
src/test/test_environment.py::TestEventQueue::test_queue_maxsize_behavior PASSED [  3%]
src/test/test_environment.py::TestEventQueue::test_queue_mixed_operations PASSED [  4%]
src/test/test_environment.py::TestEventQueue::test_queue_different_event_types PASSED [  4%]
src/test/test_event_queue_edge_cases.py::TestEventQueueEdgeCases::test_pop_all_with_empty_exception PASSED [  4%]
src/test/test_event_queue_race_condition.py::TestEventQueueRaceCondition::test_pop_all_empty_exception_handling PASSED [  4%]
src/test/test_event_queue_race_condition.py::TestEventQueueRaceCondition::test_pop_all_concurrent_access PASSED [  4%]
src/test/test_feedback.py::TestRegisterAction::test_register_action_basic PASSED [  4%]
src/test/test_feedback.py::TestRegisterAction::test_register_action_different_patterns PASSED [  4%]
src/test/test_feedback.py::TestRegisterAction::test_register_action_state_copy PASSED [  4%]
src/test/test_feedback.py::TestRegisterAction::test_register_action_multiple PASSED [  4%]
src/test/test_feedback.py::TestObserveConsequences::test_observe_consequences_with_changes PASSED [  4%]
src/test/test_feedback.py::TestObserveConsequences::test_observe_consequences_minimal_changes PASSED [  4%]
src/test/test_feedback.py::TestObserveConsequences::test_observe_consequences_timeout PASSED [  4%]
src/test/test_feedback.py::TestObserveConsequences::test_multiple_actions PASSED [  4%]
src/test/test_feedback.py::TestObserveConsequences::test_observe_consequences_ticks_waited_increment PASSED [  4%]
src/test/test_feedback.py::TestObserveConsequences::test_observe_consequences_positive_delta PASSED [  4%]
src/test/test_feedback_data.py::test_feedback_data_storage PASSED        [  4%]
src/test/test_generator.py::TestEventGenerator::test_generator_initialization PASSED [  4%]
src/test/test_generator.py::TestEventGenerator::test_generate_returns_event PASSED [  4%]
src/test/test_generator.py::TestEventGenerator::test_generate_event_types FAILED [  4%]
src/test/test_generator.py::TestEventGenerator::test_generate_noise_intensity_range PASSED [  5%]
src/test/test_generator.py::TestEventGenerator::test_generate_decay_intensity_range PASSED [  5%]
src/test/test_generator.py::TestEventGenerator::test_generate_recovery_intensity_range PASSED [  5%]
src/test/test_generator.py::TestEventGenerator::test_generate_shock_intensity_range PASSED [  5%]
src/test/test_generator.py::TestEventGenerator::test_generate_idle_intensity PASSED [  5%]
src/test/test_generator.py::TestEventGenerator::test_generate_timestamp PASSED [  5%]
src/test/test_generator.py::TestEventGenerator::test_generate_metadata PASSED [  5%]
src/test/test_generator.py::TestEventGenerator::test_generate_multiple_events PASSED [  5%]
src/test/test_generator.py::TestEventGenerator::test_generate_event_distribution FAILED [  5%]
src/test/test_generator.py::TestEventGenerator::test_generate_event_uniqueness PASSED [  5%]
src/test/test_generator.py::TestGeneratorCLI::test_send_event_success PASSED [  5%]
src/test/test_generator.py::TestGeneratorCLI::test_send_event_connection_error PASSED [  5%]
src/test/test_generator.py::TestGeneratorCLI::test_send_event_timeout PASSED [  5%]
src/test/test_generator_cli.py::TestGeneratorCLI::test_send_event_success PASSED [  5%]
src/test/test_generator_cli.py::TestGeneratorCLI::test_send_event_request_exception PASSED [  5%]
src/test/test_generator_cli.py::TestGeneratorCLI::test_send_event_general_exception PASSED [  5%]
src/test/test_generator_cli.py::TestGeneratorCLI::test_main_function_basic PASSED [  5%]
src/test/test_generator_cli.py::TestGeneratorCLI::test_main_function_send_event_called PASSED [  5%]
src/test/test_generator_cli.py::TestGeneratorCLI::test_main_function_send_failure PASSED [  5%]
src/test/test_generator_cli.py::TestGeneratorCLI::test_main_function_if_name_main PASSED [  5%]
src/test/test_generator_cli.py::TestGeneratorCLI::test_main_verbose_logging_setup PASSED [  6%]
src/test/test_generator_cli.py::TestGeneratorCLI::test_main_default_logging_setup PASSED [  6%]
src/test/test_intelligence.py::TestProcessInformation::test_process_information_basic PASSED [  6%]
src/test/test_intelligence.py::TestProcessInformation::test_process_information_empty_recent_events PASSED [  6%]
src/test/test_intelligence.py::TestProcessInformation::test_process_information_empty_planning PASSED [  6%]
src/test/test_intelligence.py::TestProcessInformation::test_process_information_energy_values PASSED [  6%]
src/test/test_intelligence.py::TestProcessInformation::test_process_information_stability_values PASSED [  6%]
src/test/test_intelligence.py::TestProcessInformation::test_process_information_planning_sequences PASSED [  6%]
src/test/test_intelligence.py::TestProcessInformation::test_process_information_preserves_other_fields PASSED [  6%]
src/test/test_intelligence.py::TestProcessInformation::test_process_information_multiple_calls PASSED [  6%]
src/test/test_intelligence.py::TestProcessInformation::test_process_information_complex_state PASSED [  6%]
src/test/test_intelligence.py::TestProcessInformation::test_process_information_planning_without_sequences_key PASSED [  6%]
src/test/test_intelligence.py::TestProcessInformation::test_process_information_subjective_time_accelerated PASSED [  6%]
src/test/test_intelligence.py::TestProcessInformation::test_process_information_subjective_time_slowed PASSED [  6%]
src/test/test_intelligence.py::TestProcessInformation::test_process_information_subjective_time_normal PASSED [  6%]
src/test/test_intelligence.py::TestProcessInformation::test_process_information_subjective_time_zero_age PASSED [  6%]
src/test/test_internal_event_generator.py::TestInternalEventGenerator::test_initialization_default PASSED [  6%]
src/test/test_internal_event_generator.py::TestInternalEventGenerator::test_initialization_custom_probability PASSED [  6%]
src/test/test_internal_event_generator.py::TestInternalEventGenerator::test_generate_memory_echo_none_when_low_probability PASSED [  6%]
src/test/test_internal_event_generator.py::TestInternalEventGenerator::test_generate_memory_echo_structure PASSED [  7%]
src/test/test_internal_event_generator.py::TestInternalEventGenerator::test_generate_memory_echo_with_stats PASSED [  7%]
src/test/test_internal_event_generator.py::TestInternalEventGenerator::test_should_generate_echo_basic PASSED [  7%]
src/test/test_internal_event_generator.py::TestInternalEventGenerator::test_should_generate_echo_ticks_threshold PASSED [  7%]
src/test/test_internal_event_generator.py::TestInternalEventGenerator::test_should_generate_echo_memory_pressure PASSED [  7%]
src/test/test_internal_event_generator.py::TestInternalEventGenerator::test_memory_echo_intensity_range PASSED [  7%]
src/test/test_internal_event_generator.py::TestInternalEventGenerator::test_memory_echo_metadata_consistency PASSED [  7%]
src/test/test_invariants.py::TestImmortalWeaknessInvariant::test_system_activity_consistent_with_viability PASSED [  7%]
src/test/test_invariants.py::TestImmortalWeaknessInvariant::test_activity_changes_predictably_after_events PASSED [  7%]
src/test/test_invariants.py::TestImmortalWeaknessInvariant::test_manual_active_override_works FAILED [  7%]
src/test/test_invariants.py::TestParameterBoundsInvariant::test_parameter_bounds_after_direct_assignment PASSED [  7%]
src/test/test_invariants.py::TestParameterBoundsInvariant::test_parameter_bounds_after_apply_delta PASSED [  7%]
src/test/test_invariants.py::TestParameterBoundsInvariant::test_parameter_bounds_after_event_processing PASSED [  7%]
src/test/test_invariants.py::TestParameterBoundsInvariant::test_parameter_bounds_stable_under_repeated_operations PASSED [  7%]
src/test/test_invariants.py::TestNoGoalsOptimizationInvariant::test_behavior_remains_reactive_not_proactive PASSED [  7%]
src/test/test_invariants.py::TestNoGoalsOptimizationInvariant::test_learning_changes_remain_passive FAILED [  7%]
src/test/test_invariants.py::TestNoGoalsOptimizationInvariant::test_adaptation_changes_remain_passive FAILED [  7%]
src/test/test_invariants.py::TestNoGoalsOptimizationInvariant::test_no_goal_directed_behavior_optimization PASSED [  7%]
src/test/test_invariants.py::TestCombinedInvariants::test_all_invariants_hold_simultaneously PASSED [  7%]
src/test/test_meaning.py::TestMeaning::test_meaning_creation_minimal PASSED [  7%]
src/test/test_meaning.py::TestMeaning::test_meaning_creation_full PASSED [  8%]
src/test/test_meaning.py::TestMeaning::test_meaning_significance_validation_valid PASSED [  8%]
src/test/test_meaning.py::TestMeaning::test_meaning_significance_validation_invalid_negative PASSED [  8%]
src/test/test_meaning.py::TestMeaning::test_meaning_significance_validation_invalid_above_one PASSED [  8%]
src/test/test_meaning.py::TestMeaning::test_meaning_impact_empty PASSED  [  8%]
src/test/test_meaning.py::TestMeaning::test_meaning_impact_multiple_params PASSED [  8%]
src/test/test_meaning.py::TestMeaningEngine::test_engine_initialization PASSED [  8%]
src/test/test_meaning.py::TestMeaningEngine::test_appraisal_shock_event PASSED [  8%]
src/test/test_meaning.py::TestMeaningEngine::test_appraisal_noise_event PASSED [  8%]
src/test/test_meaning.py::TestMeaningEngine::test_appraisal_intensity_effect PASSED [  8%]
src/test/test_meaning.py::TestMeaningEngine::test_appraisal_low_integrity_amplification FAILED [  8%]
src/test/test_meaning.py::TestMeaningEngine::test_appraisal_low_stability_amplification FAILED [  8%]
src/test/test_meaning.py::TestMeaningEngine::test_appraisal_range_limits PASSED [  8%]
src/test/test_meaning.py::TestMeaningEngine::test_impact_model_shock PASSED [  8%]
src/test/test_meaning.py::TestMeaningEngine::test_impact_model_recovery PASSED [  8%]
src/test/test_meaning.py::TestMeaningEngine::test_impact_model_intensity_scaling PASSED [  8%]
src/test/test_meaning.py::TestMeaningEngine::test_impact_model_significance_scaling PASSED [  8%]
src/test/test_meaning.py::TestMeaningEngine::test_impact_model_unknown_event_type PASSED [  8%]
src/test/test_meaning.py::TestMeaningEngine::test_response_pattern_ignore_low_significance PASSED [  8%]
src/test/test_meaning.py::TestMeaningEngine::test_response_pattern_dampen_high_stability PASSED [  9%]
src/test/test_meaning.py::TestMeaningEngine::test_response_pattern_amplify_low_stability FAILED [  9%]
src/test/test_meaning.py::TestMeaningEngine::test_response_pattern_absorb_normal FAILED [  9%]
src/test/test_meaning.py::TestMeaningEngine::test_process_complete_flow PASSED [  9%]
src/test/test_meaning.py::TestMeaningEngine::test_process_ignore_pattern PASSED [  9%]
src/test/test_meaning.py::TestMeaningEngine::test_process_dampen_pattern PASSED [  9%]
src/test/test_meaning.py::TestMeaningEngine::test_process_amplify_pattern FAILED [  9%]
src/test/test_meaning.py::TestMeaningEngine::test_memory_echo_event_processing PASSED [  9%]
src/test/test_meaning.py::TestMeaningEngine::test_memory_echo_appraisal PASSED [  9%]
src/test/test_meaning.py::TestMeaningEngine::test_memory_echo_impact_model PASSED [  9%]
src/test/test_memory.py::TestMemoryEntry::test_memory_entry_creation PASSED [  9%]
src/test/test_memory.py::TestMemoryEntry::test_memory_entry_with_feedback_data PASSED [  9%]
src/test/test_memory.py::TestMemoryEntry::test_memory_entry_with_subjective_timestamp PASSED [  9%]
src/test/test_memory.py::TestMemoryEntry::test_memory_entry_subjective_timestamp_default PASSED [  9%]
src/test/test_memory.py::TestMemoryEntry::test_memory_entry_different_event_types PASSED [  9%]
src/test/test_memory.py::TestMemoryEntry::test_memory_entry_significance_range PASSED [  9%]
src/test/test_memory.py::TestMemory::test_memory_initialization PASSED   [  9%]
src/test/test_memory.py::TestMemory::test_memory_append_single PASSED    [  9%]
src/test/test_memory.py::TestMemory::test_memory_append_multiple PASSED  [  9%]
src/test/test_memory.py::TestMemory::test_memory_clamp_size_at_limit PASSED [  9%]
src/test/test_memory.py::TestMemory::test_memory_clamp_size_over_limit PASSED [ 10%]
src/test/test_memory.py::TestMemory::test_memory_preserves_order PASSED  [ 10%]
src/test/test_memory.py::TestMemory::test_memory_with_feedback_entries PASSED [ 10%]
src/test/test_memory.py::TestMemory::test_memory_mixed_entries PASSED    [ 10%]
src/test/test_memory.py::TestMemory::test_memory_list_operations PASSED  [ 10%]
src/test/test_monitor.py::TestMonitor::test_log_function PASSED          [ 10%]
src/test/test_monitor.py::TestMonitor::test_monitor_basic PASSED         [ 10%]
src/test/test_monitor.py::TestMonitor::test_monitor_with_activated_memory PASSED [ 10%]
src/test/test_monitor.py::TestMonitor::test_monitor_without_activated_memory PASSED [ 10%]
src/test/test_monitor.py::TestMonitor::test_monitor_multiple_calls PASSED [ 10%]
src/test/test_monitor.py::TestMonitor::test_monitor_log_file_append PASSED [ 10%]
src/test/test_monitor.py::TestMonitor::test_monitor_all_state_fields PASSED [ 10%]
src/test/test_new_event_types.py::TestNewEventTypes::test_new_event_types_in_generator PASSED [ 10%]
src/test/test_new_event_types.py::TestNewEventTypes::test_new_event_intensity_ranges[social_presence--0.4-0.4] PASSED [ 10%]
src/test/test_new_event_types.py::TestNewEventTypes::test_new_event_intensity_ranges[social_conflict--0.6-0.0] PASSED [ 10%]
src/test/test_new_event_types.py::TestNewEventTypes::test_new_event_intensity_ranges[social_harmony-0.0-0.6] PASSED [ 10%]
src/test/test_new_event_types.py::TestNewEventTypes::test_new_event_intensity_ranges[cognitive_doubt--0.5-0.0] PASSED [ 10%]
src/test/test_new_event_types.py::TestNewEventTypes::test_new_event_intensity_ranges[cognitive_clarity-0.0-0.5] PASSED [ 10%]
src/test/test_new_event_types.py::TestNewEventTypes::test_new_event_intensity_ranges[cognitive_confusion--0.4-0.0] PASSED [ 10%]
src/test/test_new_event_types.py::TestNewEventTypes::test_new_event_intensity_ranges[existential_void--0.7-0.0] PASSED [ 11%]
src/test/test_new_event_types.py::TestNewEventTypes::test_new_event_intensity_ranges[existential_purpose-0.0-0.7] PASSED [ 11%]
src/test/test_new_event_types.py::TestNewEventTypes::test_new_event_intensity_ranges[existential_finitude--0.6-0.0] PASSED [ 11%]
src/test/test_new_event_types.py::TestNewEventTypes::test_new_event_intensity_ranges[connection-0.0-0.8] PASSED [ 11%]
src/test/test_new_event_types.py::TestNewEventTypes::test_new_event_intensity_ranges[isolation--0.7-0.0] PASSED [ 11%]
src/test/test_new_event_types.py::TestNewEventTypes::test_new_event_intensity_ranges[insight-0.0-0.6] PASSED [ 11%]
src/test/test_new_event_types.py::TestNewEventTypes::test_new_event_intensity_ranges[confusion--0.5-0.0] PASSED [ 11%]
src/test/test_new_event_types.py::TestNewEventTypes::test_new_event_intensity_ranges[curiosity--0.3-0.4] PASSED [ 11%]
src/test/test_new_event_types.py::TestNewEventTypes::test_new_event_intensity_ranges[meaning_found-0.0-0.9] FAILED [ 11%]
src/test/test_new_event_types.py::TestNewEventTypes::test_new_event_intensity_ranges[void--0.8-0.0] PASSED [ 11%]
src/test/test_new_event_types.py::TestNewEventTypes::test_new_event_intensity_ranges[acceptance-0.0-0.5] PASSED [ 11%]
src/test/test_new_event_types.py::TestNewEventTypes::test_new_event_types_in_meaning_engine PASSED [ 11%]
src/test/test_new_event_types.py::TestNewEventTypes::test_new_event_types_impact_calculation PASSED [ 11%]
src/test/test_new_event_types.py::TestNewEventTypes::test_new_event_types_significance_weights PASSED [ 11%]
src/test/test_new_event_types.py::TestNewEventTypes::test_new_event_types_response_patterns[social_presence] PASSED [ 11%]
src/test/test_new_event_types.py::TestNewEventTypes::test_new_event_types_response_patterns[social_conflict] PASSED [ 11%]
src/test/test_new_event_types.py::TestNewEventTypes::test_new_event_types_response_patterns[social_harmony] PASSED [ 11%]
src/test/test_new_event_types.py::TestNewEventTypes::test_new_event_types_response_patterns[cognitive_doubt] PASSED [ 11%]
src/test/test_new_event_types.py::TestNewEventTypes::test_new_event_types_response_patterns[cognitive_clarity] PASSED [ 11%]
src/test/test_new_event_types.py::TestNewEventTypes::test_new_event_types_response_patterns[cognitive_confusion] PASSED [ 11%]
src/test/test_new_event_types.py::TestNewEventTypes::test_new_event_types_response_patterns[existential_void] PASSED [ 12%]
src/test/test_new_event_types.py::TestNewEventTypes::test_new_event_types_response_patterns[existential_purpose] PASSED [ 12%]
src/test/test_new_event_types.py::TestNewEventTypes::test_new_event_types_response_patterns[existential_finitude] PASSED [ 12%]
src/test/test_new_event_types.py::TestNewEventTypes::test_new_event_types_response_patterns[connection] PASSED [ 12%]
src/test/test_new_event_types.py::TestNewEventTypes::test_new_event_types_response_patterns[isolation] PASSED [ 12%]
src/test/test_new_event_types.py::TestNewEventTypes::test_new_event_types_response_patterns[insight] PASSED [ 12%]
src/test/test_new_event_types.py::TestNewEventTypes::test_new_event_types_response_patterns[confusion] PASSED [ 12%]
src/test/test_new_event_types.py::TestNewEventTypes::test_new_event_types_response_patterns[curiosity] PASSED [ 12%]
src/test/test_new_event_types.py::TestNewEventTypes::test_new_event_types_response_patterns[meaning_found] PASSED [ 12%]
src/test/test_new_event_types.py::TestNewEventTypes::test_new_event_types_response_patterns[void] PASSED [ 12%]
src/test/test_new_event_types.py::TestNewEventTypes::test_new_event_types_response_patterns[acceptance] PASSED [ 12%]
src/test/test_new_event_types.py::TestNewEventTypes::test_new_event_types_architecture_compliance PASSED [ 12%]
src/test/test_new_event_types.py::TestNewEventTypes::test_new_event_types_probability_distribution FAILED [ 12%]
src/test/test_planning.py::TestRecordPotentialSequences::test_record_potential_sequences_empty_recent_events PASSED [ 12%]
src/test/test_planning.py::TestRecordPotentialSequences::test_record_potential_sequences_single_event PASSED [ 12%]
src/test/test_planning.py::TestRecordPotentialSequences::test_record_potential_sequences_two_events PASSED [ 12%]
src/test/test_planning.py::TestRecordPotentialSequences::test_record_potential_sequences_multiple_events PASSED [ 12%]
src/test/test_planning.py::TestRecordPotentialSequences::test_record_potential_sequences_sources_used PASSED [ 12%]
src/test/test_planning.py::TestRecordPotentialSequences::test_record_potential_sequences_preserves_other_fields PASSED [ 12%]
src/test/test_planning.py::TestRecordPotentialSequences::test_record_potential_sequences_multiple_calls PASSED [ 13%]
src/test/test_planning.py::TestRecordPotentialSequences::test_record_potential_sequences_empty_histories PASSED [ 13%]
src/test/test_planning.py::TestRecordPotentialSequences::test_record_potential_sequences_different_event_types PASSED [ 13%]
src/test/test_planning.py::TestRecordPotentialSequences::test_record_potential_sequences_subjective_time_accelerated PASSED [ 13%]
src/test/test_planning.py::TestRecordPotentialSequences::test_record_potential_sequences_subjective_time_slowed PASSED [ 13%]
src/test/test_planning.py::TestRecordPotentialSequences::test_record_potential_sequences_subjective_time_normal PASSED [ 13%]
src/test/test_planning.py::TestRecordPotentialSequences::test_record_potential_sequences_subjective_time_insufficient_events PASSED [ 13%]
src/test/test_planning.py::TestRecordPotentialSequences::test_record_potential_sequences_subjective_time_zero_age PASSED [ 13%]
src/test/test_property_based.py::TestSelfStatePropertyBased::test_state_parameters_always_in_bounds PASSED [ 13%]
src/test/test_property_based.py::TestSelfStatePropertyBased::test_apply_delta_always_clamps PASSED [ 13%]
src/test/test_property_based.py::TestSelfStatePropertyBased::test_energy_delta_idempotent PASSED [ 13%]
src/test/test_property_based.py::TestMemoryPropertyBased::test_memory_size_always_limited PASSED [ 13%]
src/test/test_property_based.py::TestMemoryPropertyBased::test_memory_preserves_order PASSED [ 13%]
src/test/test_property_based.py::TestMemoryPropertyBased::test_memory_append_behavior PASSED [ 13%]
src/test/test_property_based.py::TestMemoryEntryPropertyBased::test_memory_entry_creation PASSED [ 13%]
src/test/test_property_based.py::TestMemoryEntryPropertyBased::test_memory_entry_with_feedback PASSED [ 13%]
src/test/test_state.py::TestSelfState::test_self_state_initialization PASSED [ 13%]
src/test/test_state.py::TestSelfState::test_self_state_unique_life_id PASSED [ 13%]
src/test/test_state.py::TestSelfState::test_self_state_birth_timestamp PASSED [ 13%]
src/test/test_state.py::TestSelfState::test_apply_delta_energy PASSED    [ 13%]
src/test/test_state.py::TestSelfState::test_apply_delta_integrity PASSED [ 14%]
src/test/test_state.py::TestSelfState::test_apply_delta_stability PASSED [ 14%]
src/test/test_state.py::TestSelfState::test_apply_delta_multiple_params PASSED [ 14%]
src/test/test_state.py::TestSelfState::test_apply_delta_ticks PASSED     [ 14%]
src/test/test_state.py::TestSelfState::test_apply_delta_age PASSED       [ 14%]
src/test/test_state.py::TestSelfState::test_apply_delta_unknown_field PASSED [ 14%]
src/test/test_state.py::TestSelfState::test_apply_delta_non_numeric_field PASSED [ 14%]
src/test/test_state.py::TestSelfState::test_self_state_memory_operations PASSED [ 14%]
src/test/test_state.py::TestSelfState::test_self_state_recent_events PASSED [ 14%]
src/test/test_state.py::TestSnapshots::test_save_snapshot PASSED         [ 14%]
src/test/test_state.py::TestSnapshots::test_load_snapshot PASSED         [ 14%]
src/test/test_state.py::TestSnapshots::test_load_snapshot_not_found PASSED [ 14%]
src/test/test_state.py::TestSnapshots::test_load_latest_snapshot PASSED  [ 14%]
src/test/test_state.py::TestSnapshots::test_load_latest_snapshot_not_found PASSED [ 14%]
src/test/test_state.py::TestSnapshots::test_snapshot_preserves_memory PASSED [ 14%]
src/test/test_state.py::TestCreateInitialState::test_create_initial_state PASSED [ 14%]
src/test/test_subjective_time.py::TestSubjectiveTimeModel::test_rate_is_clamped_to_range PASSED [ 14%]
src/test/test_subjective_time.py::TestSubjectiveTimeModel::test_subjective_time_is_monotonic_for_positive_dt PASSED [ 14%]
src/test/test_subjective_time.py::TestSubjectiveTimeModel::test_intensity_and_stability_influence_rate_direction PASSED [ 14%]
src/test/test_subjective_time.py::TestSubjectiveTimeModel::test_negative_dt_returns_zero_increment PASSED [ 15%]
src/test/test_subjective_time.py::TestSubjectiveTimeModel::test_extreme_intensity_and_stability_values PASSED [ 15%]
src/test/test_subjective_time.py::TestSubjectiveTimeModel::test_boundary_rate_min_max_values PASSED [ 15%]
src/test/test_subjective_time.py::TestSubjectiveTimeModel::test_invalid_input_types PASSED [ 15%]
src/test/test_subjective_time.py::TestSubjectiveTimeModel::test_extreme_coefficient_values PASSED [ 15%]
src/test/test_subjective_time.py::TestSubjectiveTimeModel::test_zero_and_negative_base_rate PASSED [ 15%]
src/test/test_api.py::test_get_status SKIPPED (test_api.py requires ...) [ 15%]
src/test/test_api.py::test_get_clear_data SKIPPED (test_api.py requi...) [ 15%]
src/test/test_api.py::test_post_event_success SKIPPED (test_api.py r...) [ 15%]
src/test/test_api.py::test_post_event_invalid_json SKIPPED (test_api...) [ 15%]
src/test/test_api_integration.py::TestAPIServer::test_get_status PASSED  [ 15%]
src/test/test_api_integration.py::TestAPIServer::test_get_status_returns_current_state PASSED [ 15%]
src/test/test_api_integration.py::TestAPIServer::test_get_clear_data PASSED [ 15%]
src/test/test_api_integration.py::TestAPIServer::test_get_unknown_endpoint PASSED [ 15%]
src/test/test_api_integration.py::TestAPIServer::test_post_event_success PASSED [ 15%]
src/test/test_api_integration.py::TestAPIServer::test_post_event_minimal PASSED [ 15%]
src/test/test_api_integration.py::TestAPIServer::test_post_event_with_timestamp PASSED [ 15%]
src/test/test_api_integration.py::TestAPIServer::test_post_event_invalid_json PASSED [ 15%]
src/test/test_api_integration.py::TestAPIServer::test_post_event_missing_type PASSED [ 15%]
src/test/test_api_integration.py::TestAPIServer::test_post_event_invalid_type PASSED [ 15%]
src/test/test_api_integration.py::TestAPIServer::test_post_event_multiple_events PASSED [ 16%]
src/test/test_api_integration.py::TestAPIServer::test_post_event_different_types PASSED [ 16%]
src/test/test_api_integration.py::TestAPIServer::test_post_unknown_endpoint PASSED [ 16%]
src/test/test_api_integration.py::TestAPIServer::test_post_event_queue_overflow PASSED [ 16%]
src/test/test_api_integration.py::TestAPIServer::test_get_status_after_events PASSED [ 16%]
src/test/test_decision.py::TestDynamicThresholds::test_calculate_dynamic_threshold_base_case PASSED [ 16%]
src/test/test_decision.py::TestDynamicThresholds::test_calculate_dynamic_threshold_low_energy PASSED [ 16%]
src/test/test_decision.py::TestDynamicThresholds::test_calculate_dynamic_threshold_high_sensitivity PASSED [ 16%]
src/test/test_decision.py::TestDynamicThresholds::test_calculate_dynamic_threshold_bounds PASSED [ 16%]
src/test/test_feedback.py::TestFeedbackIntegration::test_integration_with_memory PASSED [ 16%]
src/test/test_generator_integration.py::TestGeneratorServerIntegration::test_generator_send_to_server PASSED [ 16%]
src/test/test_generator_integration.py::TestGeneratorServerIntegration::test_generator_multiple_events_to_server PASSED [ 16%]
src/test/test_generator_integration.py::TestGeneratorServerIntegration::test_generator_all_event_types_to_server PASSED [ 16%]
src/test/test_generator_integration.py::TestGeneratorServerIntegration::test_generator_event_intensity_ranges FAILED [ 16%]
src/test/test_generator_integration.py::TestGeneratorServerIntegration::test_generator_server_full_cycle PASSED [ 16%]
src/test/test_invariants.py::TestRuntimeLoopIntegrityInvariant::test_runtime_loop_continues_with_any_parameters FAILED [ 16%]
src/test/test_invariants.py::TestRuntimeLoopIntegrityInvariant::test_runtime_loop_continues_at_zero_parameters PASSED [ 16%]
src/test/test_invariants.py::TestRuntimeLoopIntegrityInvariant::test_runtime_loop_handles_events_in_degraded_state FAILED [ 16%]
src/test/test_invariants.py::TestRuntimeLoopIntegrityInvariant::test_runtime_loop_thread_safety_in_degraded_state FAILED [ 16%]
src/test/test_memory.py::TestMemoryLoad::test_memory_performance_with_1000_entries PASSED [ 17%]
src/test/test_memory.py::TestMemoryLoad::test_memory_performance_with_10000_entries PASSED [ 17%]
src/test/test_memory.py::TestMemoryLoad::test_memory_iteration_performance PASSED [ 17%]
src/test/test_memory.py::TestMemoryLoad::test_memory_search_performance PASSED [ 17%]
src/test/test_memory.py::TestMemoryLoad::test_memory_memory_usage PASSED [ 17%]
src/test/test_memory.py::TestMemoryDecayWeights::test_decay_weights_basic PASSED [ 17%]
src/test/test_memory.py::TestMemoryDecayWeights::test_decay_weights_min_weight PASSED [ 17%]
src/test/test_memory.py::TestMemoryDecayWeights::test_decay_weights_empty_memory PASSED [ 17%]
src/test/test_memory.py::TestMemoryDecayWeights::test_decay_weights_multiple_entries PASSED [ 17%]
src/test/test_memory.py::TestMemoryDecayWeights::test_decay_weights_significance_factor PASSED [ 17%]
src/test/test_memory.py::TestArchiveMemory::test_archive_memory_initialization PASSED [ 17%]
src/test/test_memory.py::TestArchiveMemory::test_archive_memory_add_entry PASSED [ 17%]
src/test/test_memory.py::TestArchiveMemory::test_archive_memory_add_entries PASSED [ 17%]
src/test/test_memory.py::TestArchiveMemory::test_archive_memory_get_entries_by_type PASSED [ 17%]
src/test/test_memory.py::TestArchiveMemory::test_archive_memory_get_entries_by_significance PASSED [ 17%]
src/test/test_memory.py::TestArchiveMemory::test_archive_memory_get_entries_by_timestamp PASSED [ 17%]
src/test/test_memory.py::TestArchiveMemory::test_archive_memory_save_and_load PASSED [ 17%]
src/test/test_memory.py::TestArchiveMemory::test_archive_memory_backward_compatibility PASSED [ 17%]
src/test/test_memory.py::TestArchiveMemory::test_archive_memory_forward_compatibility PASSED [ 17%]
src/test/test_memory.py::TestMemoryArchive::test_archive_old_entries_by_age PASSED [ 17%]
src/test/test_memory.py::TestMemoryArchive::test_archive_old_entries_by_weight PASSED [ 18%]
src/test/test_memory.py::TestMemoryArchive::test_archive_old_entries_by_significance PASSED [ 18%]
src/test/test_memory.py::TestMemoryArchive::test_archive_old_entries_validation PASSED [ 18%]
src/test/test_memory.py::TestMemoryArchive::test_archive_old_entries_error_handling PASSED [ 18%]
src/test/test_memory.py::TestMemoryArchive::test_archive_old_entries_empty_memory PASSED [ 18%]
src/test/test_memory.py::TestMemoryStatistics::test_get_statistics_empty PASSED [ 18%]
src/test/test_memory.py::TestMemoryStatistics::test_get_statistics_with_entries PASSED [ 18%]
src/test/test_runtime_integration.py::TestRuntimeLoop::test_loop_single_tick PASSED [ 18%]
src/test/test_runtime_integration.py::TestRuntimeLoop::test_loop_processes_events PASSED [ 18%]
src/test/test_runtime_integration.py::TestRuntimeLoop::test_loop_feedback_registration PASSED [ 18%]
src/test/test_runtime_integration.py::TestRuntimeLoop::test_loop_state_updates PASSED [ 18%]
src/test/test_runtime_integration.py::TestRuntimeLoop::test_loop_stops_on_stop_event PASSED [ 18%]
src/test/test_runtime_integration.py::TestRuntimeLoop::test_loop_handles_empty_queue PASSED [ 18%]
src/test/test_runtime_integration.py::TestRuntimeLoop::test_loop_multiple_events FAILED [ 18%]
src/test/test_runtime_integration.py::TestRuntimeLoop::test_loop_snapshot_creation PASSED [ 18%]
src/test/test_runtime_integration.py::TestRuntimeLoop::test_loop_weakness_penalty PASSED [ 18%]
src/test/test_runtime_integration.py::TestRuntimeLoop::test_loop_deactivates_on_zero_params FAILED [ 18%]
src/test/test_runtime_integration.py::TestRuntimeLoop::test_snapshot_recovery_integration PASSED [ 18%]
src/test/test_runtime_integration.py::TestRuntimeLoop::test_clarity_moments_integration_with_runtime_loop PASSED [ 18%]
src/test/test_runtime_integration.py::TestRuntimeLoop::test_clarity_moments_runtime_events_processing PASSED [ 19%]
src/test/test_runtime_integration.py::TestRuntimeLoop::test_clarity_moments_with_meaning_engine_integration PASSED [ 19%]
src/test/test_runtime_integration.py::TestRuntimeLoop::test_clarity_moments_state_persistence_in_runtime PASSED [ 19%]
src/test/test_runtime_loop_edge_cases.py::TestRuntimeLoopEdgeCases::test_loop_ignore_pattern_skip_apply_delta PASSED [ 19%]
src/test/test_runtime_loop_edge_cases.py::TestRuntimeLoopEdgeCases::test_loop_dampen_pattern_modify_impact PASSED [ 19%]
src/test/test_runtime_loop_edge_cases.py::TestRuntimeLoopEdgeCases::test_loop_monitor_exception_handling PASSED [ 19%]
src/test/test_runtime_loop_edge_cases.py::TestRuntimeLoopEdgeCases::test_loop_snapshot_exception_handling PASSED [ 19%]
src/test/test_runtime_loop_edge_cases.py::TestRuntimeLoopEdgeCases::test_loop_general_exception_handling PASSED [ 19%]
src/test/test_runtime_loop_feedback_coverage.py::TestRuntimeLoopFeedbackCoverage::test_loop_processes_feedback_records PASSED [ 19%]
src/test/test_runtime_loop_feedback_coverage.py::TestRuntimeLoopFeedbackCoverage::test_loop_feedback_entry_creation PASSED [ 19%]
src/test/test_state.py::TestSelfStateValidation::test_energy_validation_valid PASSED [ 19%]
src/test/test_state.py::TestSelfStateValidation::test_energy_validation_invalid PASSED [ 19%]
src/test/test_state.py::TestSelfStateValidation::test_integrity_validation_valid PASSED [ 19%]
src/test/test_state.py::TestSelfStateValidation::test_integrity_validation_invalid PASSED [ 19%]
src/test/test_state.py::TestSelfStateValidation::test_stability_validation_valid PASSED [ 19%]
src/test/test_state.py::TestSelfStateValidation::test_stability_validation_invalid PASSED [ 19%]
src/test/test_state.py::TestSelfStateValidation::test_fatigue_validation PASSED [ 19%]
src/test/test_state.py::TestSelfStateValidation::test_tension_validation PASSED [ 19%]
src/test/test_state.py::TestSelfStateValidation::test_age_validation PASSED [ 19%]
src/test/test_state.py::TestSelfStateValidation::test_ticks_validation PASSED [ 19%]
src/test/test_state.py::TestSelfStateProtection::test_life_id_protection PASSED [ 20%]
src/test/test_state.py::TestSelfStateProtection::test_birth_timestamp_protection PASSED [ 20%]
src/test/test_state.py::TestSelfStateSafeMethods::test_update_energy PASSED [ 20%]
src/test/test_state.py::TestSelfStateSafeMethods::test_update_integrity PASSED [ 20%]
src/test/test_state.py::TestSelfStateSafeMethods::test_update_stability PASSED [ 20%]
src/test/test_state.py::TestSelfStateSafeMethods::test_update_vital_params PASSED [ 20%]
src/test/test_state.py::TestSelfStateSafeMethods::test_reset_to_defaults PASSED [ 20%]
src/test/test_state.py::TestSelfStateIsActive::test_is_active_all_positive PASSED [ 20%]
src/test/test_state.py::TestSelfStateIsActive::test_is_active_energy_zero FAILED [ 20%]
src/test/test_state.py::TestSelfStateIsActive::test_is_active_integrity_zero FAILED [ 20%]
src/test/test_state.py::TestSelfStateIsActive::test_is_active_stability_zero FAILED [ 20%]
src/test/test_state.py::TestSelfStateIsActive::test_is_active_all_zero FAILED [ 20%]
src/test/test_state.py::TestSelfStateIsActive::test_is_active_auto_update FAILED [ 20%]
src/test/test_state.py::TestSelfStateIsActive::test_is_viable PASSED     [ 20%]
src/test/test_state.py::TestSelfStateLogging::test_logging_enabled PASSED [ 20%]
src/test/test_state.py::TestSelfStateLogging::test_logging_disabled PASSED [ 20%]
src/test/test_state.py::TestSelfStateLogging::test_get_change_history PASSED [ 20%]
src/test/test_state.py::TestSelfStateLogging::test_get_change_history_limit PASSED [ 20%]
src/test/test_state.py::TestSubjectiveTimeAliases::test_subjective_age_property PASSED [ 20%]
src/test/test_state.py::TestSubjectiveTimeAliases::test_physical_age_property PASSED [ 21%]
src/test/test_state.py::TestSubjectiveTimeAliases::test_subjective_age_validation PASSED [ 21%]
src/test/test_state.py::TestSubjectiveTimeAliases::test_physical_age_validation PASSED [ 21%]
src/test/test_state.py::TestSubjectiveTimeAliases::test_subjective_age_apply_delta PASSED [ 21%]
src/test/test_state.py::TestSubjectiveTimeAliases::test_aliases_in_get_safe_status_dict PASSED [ 21%]
src/test/test_decision.py::TestLearningAdaptationIntegration::test_decision_with_behavior_coefficients_priority PASSED [ 21%]
src/test/test_decision.py::TestLearningAdaptationIntegration::test_decision_with_high_sensitivity_shock PASSED [ 21%]
src/test/test_decision.py::TestLearningAdaptationIntegration::test_decision_with_low_sensitivity_noise PASSED [ 21%]
src/test/test_decision.py::TestLearningAdaptationIntegration::test_decision_adaptation_params_influence PASSED [ 21%]
src/test/test_decision.py::TestLearningAdaptationIntegration::test_decision_dynamic_thresholds_integration PASSED [ 21%]
src/test/test_degradation.py::TestDegradationUnit::test_energy_degradation_to_zero PASSED [ 21%]
src/test/test_degradation.py::TestDegradationUnit::test_integrity_degradation_to_zero PASSED [ 21%]
src/test/test_degradation.py::TestDegradationUnit::test_stability_degradation_to_zero PASSED [ 21%]
src/test/test_degradation.py::TestDegradationUnit::test_simultaneous_degradation_all_params PASSED [ 21%]
src/test/test_degradation.py::TestDegradationUnit::test_active_flag_remains_true_on_zero_energy PASSED [ 21%]
src/test/test_degradation.py::TestDegradationUnit::test_active_flag_remains_true_on_zero_integrity PASSED [ 21%]
src/test/test_degradation.py::TestDegradationUnit::test_active_flag_remains_true_on_zero_stability PASSED [ 21%]
src/test/test_degradation.py::TestDegradationUnit::test_degradation_preserves_other_state PASSED [ 21%]
src/test/test_degradation.py::TestDegradationUnit::test_gradual_degradation_history PASSED [ 21%]
src/test/test_degradation.py::TestDegradationIntegration::test_energy_degradation_in_loop_with_events FAILED [ 21%]
src/test/test_degradation.py::TestDegradationIntegration::test_weakness_penalty_acceleration FAILED [ 22%]
src/test/test_degradation.py::TestDegradationIntegration::test_full_degradation_cycle FAILED [ 22%]
src/test/test_degradation.py::TestDegradationIntegration::test_system_continues_on_energy_zero PASSED [ 22%]
src/test/test_degradation.py::TestDegradationIntegration::test_system_continues_on_integrity_zero PASSED [ 22%]
src/test/test_degradation.py::TestDegradationIntegration::test_system_continues_on_stability_zero PASSED [ 22%]
src/test/test_degradation.py::TestDegradationIntegration::test_loop_continues_while_degrading PASSED [ 22%]
src/test/test_degradation.py::TestDegradationEdgeCases::test_boundary_values_energy PASSED [ 22%]
src/test/test_degradation.py::TestDegradationEdgeCases::test_boundary_values_integrity PASSED [ 22%]
src/test/test_degradation.py::TestDegradationEdgeCases::test_boundary_values_stability PASSED [ 22%]
src/test/test_degradation.py::TestDegradationEdgeCases::test_weakness_threshold_boundary PASSED [ 22%]
src/test/test_degradation.py::TestDegradationEdgeCases::test_rapid_degradation_many_events FAILED [ 22%]
src/test/test_degradation.py::TestDegradationEdgeCases::test_degradation_with_memory PASSED [ 22%]
src/test/test_degradation.py::TestDegradationEdgeCases::test_degradation_does_not_affect_identity PASSED [ 22%]
src/test/test_degradation.py::TestDegradationEdgeCases::test_system_continues_with_all_params_zero PASSED [ 22%]
src/test/test_degradation.py::TestDegradationRecovery::test_energy_recovery_possible PASSED [ 22%]
src/test/test_degradation.py::TestDegradationRecovery::test_integrity_recovery_possible PASSED [ 22%]
src/test/test_degradation.py::TestDegradationRecovery::test_stability_recovery_possible PASSED [ 22%]
src/test/test_degradation.py::TestDegradationRecovery::test_recovery_from_near_zero PASSED [ 22%]
src/test/test_degradation.py::TestDegradationRecovery::test_active_flag_stays_false_after_deactivation PASSED [ 22%]
src/test/test_degradation.py::TestDegradationRecovery::test_learning_params_recovery_from_snapshot PASSED [ 23%]
src/test/test_degradation.py::TestDegradationRecovery::test_adaptation_params_recovery_from_snapshot PASSED [ 23%]
src/test/test_degradation.py::TestDegradationRecovery::test_learning_adaptation_params_recovery_together PASSED [ 23%]
src/test/test_degradation.py::TestDegradationLongRunning::test_degradation_over_1000_ticks FAILED [ 23%]
src/test/test_degradation.py::TestDegradationLongRunning::test_degradation_stability_over_time PASSED [ 23%]
src/test/test_degradation.py::TestDegradationWithLearningAdaptation::test_learning_params_affect_degradation FAILED [ 23%]
src/test/test_degradation.py::TestDegradationWithLearningAdaptation::test_adaptation_params_affect_degradation FAILED [ 23%]
src/test/test_degradation.py::TestDegradationWithLearningAdaptation::test_learning_adaptation_params_preserved_during_degradation PASSED [ 23%]
src/test/test_degradation.py::TestDegradationWithLearningAdaptation::test_degradation_with_modified_coefficients PASSED [ 23%]
src/test/test_decision.py::TestAdaptationHistoryContextAwareness::test_analyze_adaptation_history_empty PASSED [ 23%]
src/test/test_decision.py::TestAdaptationHistoryContextAwareness::test_analyze_adaptation_history_increasing_trend PASSED [ 23%]
src/test/test_decision.py::TestAdaptationHistoryContextAwareness::test_analyze_adaptation_history_decreasing_trend PASSED [ 23%]
src/test/test_decision.py::TestAdaptationHistoryContextAwareness::test_decision_with_adaptation_history_context PASSED [ 23%]
src/test/test_decision.py::TestAdaptationHistoryContextAwareness::test_decision_with_stable_adaptation_history FAILED [ 23%]
src/test/test_performance.py::TestPerformanceBenchmarks::test_memory_append_performance FAILED [ 23%]
src/test/test_performance.py::TestPerformanceBenchmarks::test_memory_iteration_performance PASSED [ 23%]
src/test/test_performance.py::TestPerformanceBenchmarks::test_event_queue_performance FAILED [ 23%]
src/test/test_performance.py::TestPerformanceBenchmarks::test_self_state_apply_delta_performance PASSED [ 23%]
src/test/test_performance.py::TestPerformanceBenchmarks::test_runtime_loop_ticks_per_second PASSED [ 23%]
src/test/test_performance.py::TestPerformanceBenchmarks::test_memory_search_performance PASSED [ 23%]
src/test/test_performance.py::TestPerformanceBenchmarks::test_state_snapshot_performance PASSED [ 24%]
src/test/test_performance.py::TestPerformanceBenchmarks::test_learning_engine_performance_with_large_memory PASSED [ 24%]
src/test/test_performance.py::TestPerformanceBenchmarks::test_adaptation_manager_performance_with_frequent_calls PASSED [ 24%]
src/test/test_performance.py::TestPerformanceBenchmarks::test_meaning_engine_performance_with_many_events PASSED [ 24%]
src/test/test_performance.py::TestPerformanceBenchmarks::test_runtime_loop_performance_with_learning_adaptation PASSED [ 24%]
src/test/test_performance.py::TestPerformanceBenchmarks::test_event_queue_overflow_performance FAILED [ 24%]
src/test/test_performance.py::TestPerformanceBenchmarks::test_subjective_time_performance 